2026-06-28 22:09:25.681065: I tensorflow/core/util/port.cc:153] oneDNN custom operations are on. You may see slightly different numerical results due to floating-point round-off errors from different computation orders. To turn them off, set the environment variable `TF_ENABLE_ONEDNN_OPTS=0`.
2026-06-28 22:09:25.709518: I tensorflow/core/platform/cpu_feature_guard.cc:210] This TensorFlow binary is optimized to use available CPU instructions in performance-critical operations.
To enable the following instructions: AVX2 AVX512F AVX512_VNNI FMA, in other operations, rebuild TensorFlow with the appropriate compiler flags.
2026-06-28 22:09:26.569127: I tensorflow/core/util/port.cc:153] oneDNN custom operations are on. You may see slightly different numerical results due to floating-point round-off errors from different computation orders. To turn them off, set the environment variable `TF_ENABLE_ONEDNN_OPTS=0`.
[LuST] speed pool: 138896 mẫu, mean=13.09 m/s, median=12.56 m/s
[LuST-24h] speed pool: 442557 mẫu, mean=16.65 m/s, median=13.68 m/s

=== TRAIN baseline HRL trên TOÀN BỘ LuST 24h ===
  [full] ep  1/50 | reward=-5.083 loss=0 lat=6.589s E=3.578J cost=5.083 avgQ=0.00 t=5.246s
  [full] ep  2/50 | reward=-5.495 loss=0 lat=7.117s E=3.873J cost=5.495 avgQ=0.00 t=4.391s
  [full] ep  3/50 | reward=-5.376 loss=0 lat=6.986s E=3.765J cost=5.376 avgQ=0.00 t=4.425s
  [full] ep  4/50 | reward=-5.415 loss=0 lat=6.982s E=3.847J cost=5.415 avgQ=0.00 t=4.31s
  [full] ep  5/50 | reward=-5.359 loss=0 lat=6.993s E=3.725J cost=5.359 avgQ=0.00 t=4.349s
  [full] ep  6/50 | reward=-5.879 loss=0 lat=7.556s E=4.202J cost=5.879 avgQ=0.00 t=4.277s
  [full] ep  7/50 | reward=-5.528 loss=0 lat=7.161s E=3.895J cost=5.528 avgQ=0.00 t=4.286s
  [full] ep  8/50 | reward=-5.022 loss=0 lat=6.581s E=3.462J cost=5.022 avgQ=0.00 t=4.789s
  [full] ep  9/50 | reward=-5.373 loss=0 lat=7.023s E=3.723J cost=5.373 avgQ=0.00 t=4.735s
  [full] ep 10/50 | reward=-5.299 loss=0 lat=6.870s E=3.727J cost=5.299 avgQ=0.00 t=4.766s
  [full] ep 11/50 | reward=-5.229 loss=0 lat=6.825s E=3.632J cost=5.229 avgQ=0.00 t=4.681s
  [full] ep 12/50 | reward=-5.714 loss=0 lat=7.402s E=4.025J cost=5.714 avgQ=0.00 t=5.103s
  [full] ep 13/50 | reward=-5.425 loss=0 lat=7.020s E=3.830J cost=5.425 avgQ=0.00 t=4.917s
  [full] ep 14/50 | reward=-6.005 loss=0 lat=7.665s E=4.345J cost=6.005 avgQ=0.00 t=5.461s
  [full] ep 15/50 | reward=-5.549 loss=0 lat=7.150s E=3.947J cost=5.549 avgQ=0.00 t=4.814s
  [full] ep 16/50 | reward=-5.191 loss=0 lat=6.718s E=3.665J cost=5.191 avgQ=0.00 t=4.735s
  [full] ep 17/50 | reward=-5.414 loss=0 lat=7.042s E=3.787J cost=5.414 avgQ=0.00 t=4.54s
  [full] ep 18/50 | reward=-5.965 loss=0 lat=7.697s E=4.233J cost=5.965 avgQ=0.00 t=4.677s
  [full] ep 19/50 | reward=-5.888 loss=0 lat=7.581s E=4.195J cost=5.888 avgQ=0.00 t=5.132s
  [full] ep 20/50 | reward=-4.941 loss=0 lat=6.477s E=3.406J cost=4.941 avgQ=0.00 t=4.573s
  [full] ep 21/50 | reward=-5.676 loss=0 lat=7.287s E=4.064J cost=5.676 avgQ=0.00 t=4.545s
  [full] ep 22/50 | reward=-5.283 loss=0 lat=6.835s E=3.732J cost=5.283 avgQ=0.00 t=4.853s
  [full] ep 23/50 | reward=-5.473 loss=0 lat=7.077s E=3.870J cost=5.473 avgQ=0.00 t=4.501s
  [full] ep 24/50 | reward=-5.184 loss=0 lat=6.722s E=3.646J cost=5.184 avgQ=0.00 t=4.581s
  [full] ep 25/50 | reward=-4.993 loss=0 lat=6.536s E=3.451J cost=4.993 avgQ=0.00 t=5.085s
  [full] ep 26/50 | reward=-5.294 loss=0 lat=6.851s E=3.736J cost=5.294 avgQ=0.00 t=4.692s
  [full] ep 27/50 | reward=-5.188 loss=0 lat=6.759s E=3.617J cost=5.188 avgQ=0.00 t=4.458s
  [full] ep 28/50 | reward=-4.883 loss=0 lat=6.364s E=3.401J cost=4.883 avgQ=0.00 t=4.532s
  [full] ep 29/50 | reward=-5.531 loss=0 lat=7.117s E=3.946J cost=5.531 avgQ=0.00 t=4.47s
  [full] ep 30/50 | reward=-5.959 loss=0 lat=7.595s E=4.322J cost=5.959 avgQ=0.00 t=4.567s
  [full] ep 31/50 | reward=-5.314 loss=0 lat=6.927s E=3.701J cost=5.314 avgQ=0.00 t=4.477s
  [full] ep 32/50 | reward=-5.193 loss=0 lat=6.737s E=3.650J cost=5.193 avgQ=0.00 t=4.482s
  [full] ep 33/50 | reward=-5.681 loss=0 lat=7.347s E=4.016J cost=5.681 avgQ=0.00 t=4.484s
  [full] ep 34/50 | reward=-5.980 loss=0 lat=7.658s E=4.302J cost=5.980 avgQ=0.00 t=4.482s
  [full] ep 35/50 | reward=-5.614 loss=0 lat=7.316s E=3.912J cost=5.614 avgQ=0.00 t=4.48s
  [full] ep 36/50 | reward=-5.781 loss=0 lat=7.525s E=4.037J cost=5.781 avgQ=0.00 t=4.51s
  [full] ep 37/50 | reward=-5.240 loss=0 lat=6.765s E=3.716J cost=5.240 avgQ=0.00 t=4.558s
  [full] ep 38/50 | reward=-5.879 loss=0 lat=7.539s E=4.218J cost=5.879 avgQ=0.00 t=4.566s
  [full] ep 39/50 | reward=-5.754 loss=0 lat=7.398s E=4.110J cost=5.754 avgQ=0.00 t=4.447s
  [full] ep 40/50 | reward=-5.262 loss=0 lat=6.812s E=3.713J cost=5.262 avgQ=0.00 t=4.489s
  [full] ep 41/50 | reward=-4.628 loss=0 lat=6.209s E=3.048J cost=4.628 avgQ=0.00 t=4.563s
  [full] ep 42/50 | reward=-5.783 loss=0 lat=7.444s E=4.123J cost=5.783 avgQ=0.00 t=4.601s
  [full] ep 43/50 | reward=-4.946 loss=0 lat=6.493s E=3.398J cost=4.946 avgQ=0.00 t=4.519s
  [full] ep 44/50 | reward=-5.643 loss=0 lat=7.334s E=3.952J cost=5.643 avgQ=0.00 t=4.449s
  [full] ep 45/50 | reward=-5.470 loss=0 lat=7.026s E=3.915J cost=5.470 avgQ=0.00 t=4.943s
  [full] ep 46/50 | reward=-5.343 loss=0 lat=6.941s E=3.746J cost=5.343 avgQ=0.00 t=4.841s
  [full] ep 47/50 | reward=-5.452 loss=0 lat=7.102s E=3.803J cost=5.452 avgQ=0.00 t=4.613s
  [full] ep 48/50 | reward=-5.179 loss=0 lat=6.648s E=3.710J cost=5.179 avgQ=0.00 t=4.792s
  [full] ep 49/50 | reward=-5.570 loss=0 lat=7.277s E=3.864J cost=5.570 avgQ=0.00 t=4.479s
  [full] ep 50/50 | reward=-5.074 loss=0 lat=6.630s E=3.517J cost=5.074 avgQ=0.00 t=4.52s

Xong train full trong 3.9 phút.
  -> results/training_log_full_lust.csv, raw_results_full_lust.json, summary_full_lust.csv
FULL_EXIT=0
