# Paper review log

Scope reviewed: `overleaf/main.tex` and mirrored `quantum_hrl_paper.tex`. Issues are ordered from most severe to least severe.

1. [Critical] Main experimental narrative does not match the available simulation code.
   Evidence: The paper states that per-slot vehicle position and velocity are read from LuST trajectories and assembled into `s_t` (overleaf/main.tex:738-759), but `simulation/tntn_environment.py` resets a single vehicle with random position/speed and moves it with a random mobility model (lines 150-158, 327-342). The simulator area is 2 km by default (line 67), not the 5-km LuST-matched setting described in the paper. This is the largest validity risk because the reported LuST-based claims may not be generated by the code path used for the main results.
   Recommended fix: Either re-run the quantum/classical experiments through the actual LuST extraction pipeline, or rewrite the paper to state that the main quantum results use a synthetic mobility simulator and LuST is only a separate baseline/mobility study.

2. [Critical] Network parameters in the paper conflict with code constants.
   Evidence: The paper claims LAP/HAP/LEO altitudes of about 1 km, 100 km, and 2000 km and coverage radii of 50 m, 200 m, and 1000 m (overleaf/main.tex:754-756, 795-804). The simulator uses LAP/HAP/LEO altitudes 0.3 km, 20 km, and 600 km (`simulation/tntn_environment.py`:78-83) and coverage radii 0.3, 1.5, 50, 500 km (`simulation/tntn_environment.py`:361-364). This changes channel gains, sojourn feasibility, and latency/energy outcomes.
   Recommended fix: Align constants in `utils.py`/`tntn_environment.py` with the manuscript table, or update the manuscript table to the actual code values and rerun results.

3. [Critical] QAOA/BO training description is stronger than the implementation supports.
   Evidence: The paper says the QAOA angles are optimized by BO as the outer loop (overleaf/main.tex:518-519, 704-706, 992-993, 1105-1108). In code, each node selection first runs gradient descent inside `QAOASolver.solve()` (`simulation/qaoa_solver.py`:287-305), and BO only later proposes angle updates against cached Ising instances (`simulation/quantum_hrl.py`:236-280). There is no separate BO ablation row, yet the paper attributes robustness/noise gains to BO.
   Recommended fix: Describe the actual hybrid update: local QAOA gradient steps per decision plus periodic BO refinement. Add an explicit `w/o BO` experiment before claiming BO-driven robustness.

4. [Critical] The QAOA convergence proposition is mathematically overclaimed.
   Evidence: Proposition text says finite-depth QAOA yields the optimal bitstring with probability that increases monotonically with `p` (overleaf/main.tex:285-288). This monotonicity is not a general theorem for finite-depth QAOA under optimized angles and can fail depending on instance, optimizer, and ansatz.
   Recommended fix: Replace with a cautious statement: as `p` increases, the variational family becomes more expressive and can approximate the optimum under suitable conditions; empirical performance should be measured per instance.

5. [Major] Result tables and statistical claims are not fully traceable to saved outputs.
   Evidence: The paper reports five seeds and 2400 pooled tasks per method (overleaf/main.tex:937-957), while `simulation/paper_results.py` defaults to 3 seeds, 40 train episodes, 15 eval episodes (lines 135-147), and `simulation/run_experiments.py` defaults to 3 seeds and shorter runs. Existing `scenario/results` may contain the final numbers, but the paper does not identify the exact script, command, seed list, or output file used.
   Recommended fix: Add a reproducibility paragraph with the exact command, seeds, commit/status, result JSON/CSV path, and how Tables 2-4 were generated.

6. [Major] Baseline parameter accounting is internally inconsistent.
   Evidence: The text says each DQN is doubled into primary and target networks, then writes `W_HRL = 2 sum W_DQN`, but the numeric total is only `6144 + 6400 + 7680 = 20224` (overleaf/main.tex:1065-1071). If target networks are counted, the number should be doubled. If only trainable online networks are counted, the text should not include the `2`.
   Recommended fix: Decide whether target networks count as trainable. For model footprint report both online-trainable and online+target stored parameters.

7. [Major] Baseline architecture in the paper does not match `EC_HRL-main`.
   Evidence: The paper describes an `n=20`, `h=256` MLP baseline (overleaf/main.tex:1065-1073). The EC_HRL notebook uses `Embedding -> Reshape -> Dense(50) -> Dense(50) -> Dense(action)` (`EC_HRL-main/Main_Simulation.ipynb` extracted lines 810-818). A reviewer may object that the "released implementation" claim is not the same architecture.
   Recommended fix: Separate two baselines: original EC_HRL implementation and the simplified NumPy reimplementation used in `simulation/quantum_hrl.py`.

8. [Major] Reward weights and QUBO cost weights conflict between text and code.
   Evidence: The paper's configuration table sets `beta1,beta2 = 0.5,0.5` (overleaf/main.tex:832-834), but training code uses `beta1,beta2 = 1.0,1.0` (`simulation/quantum_hrl.py`:306-316), `compute_reward` defaults to 1.0/1.0 (`simulation/utils.py`:258-266), and QUBO costs use `lat + en` (`simulation/tntn_environment.py`:381-383). Scaling both terms equally does not change a pure weighted sum, but it changes penalty calibration and reward magnitudes.
   Recommended fix: Use the same weights in code and paper, and state whether penalty weights were calibrated before or after scaling.

9. [Major] The task payload unit is ambiguous/inconsistent.
   Evidence: The paper states `d_k ~ U(0.5,5) Mbytes` (overleaf/main.tex:749-750), while code samples `0.5..5.0` as "Mbits" and multiplies by `1e6` bits (`simulation/tntn_environment.py`:226-232). This is an 8x difference if the paper literally means bytes.
   Recommended fix: Standardize to Mbit or Mbyte across text, tables, code, and plots.

10. [Major] Several "noise robustness" claims are unsupported by shown data.
    Evidence: The paper claims BO maintains reward stability under NISQ noise (overleaf/main.tex:992-993, 1035, 1178-1179), but the Results section has no table/figure with noise levels, reward curves, or fixed-angle comparator.
    Recommended fix: Add the noise experiment output, or move these claims to future work/limitations.

11. [Moderate] Greedy baseline description likely does not match implementation.
    Evidence: The paper says Greedy selects the nearest RSU with alpha=1 (overleaf/main.tex:787-788). `GreedyAgent` always returns tier 0, node 0, alpha 1.0 (`simulation/quantum_hrl.py`:674-676). Unless node 0 is always nearest by construction, this is not the nearest-RSU heuristic.
    Recommended fix: Implement nearest RSU or rename this baseline "fixed first-RSU full offload".

12. [Moderate] Figure/table claims use max nodes per tier inconsistently.
    Evidence: The paper says per-tier search has at most `M_l* <= 6` candidates (overleaf/main.tex:886, 990, 1157), but setup uses `[5,3,2,2]`, so max per tier is 5 (overleaf/main.tex:795-798; `simulation/utils.py`:73-75).
    Recommended fix: Replace `<=6` with `<=5`, or explain where the sixth candidate comes from.

13. [Moderate] The "cloud fallback/service subset" model is described but absent from current simulator.
    Evidence: The paper models service subsets and cloud relay (overleaf/main.tex:329-331, 741-747), and tasks include `xi_k` in code, but latency/energy computation does not use service subsets or cloud fallback (`simulation/utils.py`:150-248).
    Recommended fix: Implement service availability/cloud relay or explicitly state it is not included in the reported experiments.

14. [Low] Mechanical checks passed.
    Citation keys in `overleaf/main.tex` are all present in `overleaf/references.bib`; all referenced figures exist under `overleaf/figures`; `python -m py_compile simulation/*.py` passed.
