Depth sweep: seeds=[42, 179, 316] train=30 eval=12 mobility=lust hash=362cacf8efd9

== VQC L=1, QAOA p=2 ==
Starting Quantum-HRL training...
    [L=1 p=2] seed=42 lat=0.0833 en=0.8729 miss=0.0% (177s)
Starting Quantum-HRL training...
    [L=1 p=2] seed=179 lat=0.2151 en=1.2491 miss=0.0% (247s)
Starting Quantum-HRL training...
    [L=1 p=2] seed=316 lat=0.1175 en=0.7256 miss=0.0% (196s)

== VQC L=2, QAOA p=2 ==
Starting Quantum-HRL training...
    [L=2 p=2] seed=42 lat=0.0743 en=0.7841 miss=0.0% (173s)
Starting Quantum-HRL training...
    [L=2 p=2] seed=179 lat=0.0947 en=1.0276 miss=0.0% (167s)
Starting Quantum-HRL training...
    [L=2 p=2] seed=316 lat=0.1358 en=1.0450 miss=0.0% (200s)

== VQC L=4, QAOA p=2 ==
Starting Quantum-HRL training...
    [L=4 p=2] seed=42 lat=0.1451 en=0.5193 miss=0.0% (318s)
Starting Quantum-HRL training...
    [L=4 p=2] seed=179 lat=0.0757 en=0.8008 miss=0.0% (249s)
Starting Quantum-HRL training...
    [L=4 p=2] seed=316 lat=0.1612 en=0.9214 miss=0.0% (328s)

== VQC L=6, QAOA p=2 ==
Starting Quantum-HRL training...
    [L=6 p=2] seed=42 lat=0.1025 en=1.0775 miss=0.0% (350s)
Starting Quantum-HRL training...
    [L=6 p=2] seed=179 lat=0.1116 en=0.7849 miss=0.0% (397s)
Starting Quantum-HRL training...
    [L=6 p=2] seed=316 lat=0.0762 en=0.9301 miss=0.0% (348s)

== VQC L=4, QAOA p=1 ==
Starting Quantum-HRL training...
    [L=4 p=1] seed=42 lat=0.1482 en=0.4585 miss=0.0% (247s)
Starting Quantum-HRL training...
    [L=4 p=1] seed=179 lat=0.0725 en=0.7248 miss=0.0% (200s)
Starting Quantum-HRL training...
    [L=4 p=1] seed=316 lat=0.1228 en=0.7051 miss=0.0% (229s)

== VQC L=4, QAOA p=3 ==
Starting Quantum-HRL training...
    [L=4 p=3] seed=42 lat=0.1407 en=0.5616 miss=0.0% (383s)
Starting Quantum-HRL training...
    [L=4 p=3] seed=179 lat=0.0727 en=0.7591 miss=0.0% (297s)
Starting Quantum-HRL training...
    [L=4 p=3] seed=316 lat=0.1320 en=0.6307 miss=0.0% (368s)

== Classical-HRL reference ==
Starting Classical HRL training...
  Episode    0: reward=-562.34, lat=1.1141s
  Episode   20: reward=-405.26, lat=1.1180s
    [Classical-HRL] seed=42 lat=0.1579 miss=0.0% (2s)
Starting Classical HRL training...
  Episode    0: reward=-296.86, lat=0.7411s
  Episode   20: reward=-361.47, lat=1.2327s
    [Classical-HRL] seed=179 lat=0.0917 miss=0.0% (2s)
Starting Classical HRL training...
  Episode    0: reward=-471.59, lat=1.7539s
  Episode   20: reward=-410.78, lat=1.4053s
    [Classical-HRL] seed=316 lat=0.0819 miss=0.0% (2s)

Saved C:\Users\ezycloudx-admin\repo\dao_hieu\simulation\depth_sweep.json  (total 4878s)
