Config: seeds=[42, 179, 316, 453, 590, 727, 864, 1001, 1138, 1275] train=30 eval=12 mobility=lust hash=362cacf8efd9

== Random ==
    [Random] seed=42 lat=2.0152 en=1.8479 miss=25.0% (0s)
    [Random] seed=179 lat=1.8346 en=1.8963 miss=21.7% (0s)
    [Random] seed=316 lat=1.9388 en=1.8233 miss=21.9% (0s)
    [Random] seed=453 lat=2.0065 en=1.8154 miss=25.0% (0s)
    [Random] seed=590 lat=1.6880 en=1.8000 miss=19.8% (0s)
    [Random] seed=727 lat=1.9697 en=1.8421 miss=24.6% (0s)
    [Random] seed=864 lat=2.0041 en=1.8688 miss=25.0% (0s)
    [Random] seed=1001 lat=1.8754 en=1.8431 miss=21.2% (0s)
    [Random] seed=1138 lat=1.9799 en=1.8694 miss=24.4% (0s)
    [Random] seed=1275 lat=2.0359 en=1.7988 miss=23.8% (0s)

== Greedy ==
    [Greedy] seed=42 lat=0.1631 en=0.2773 miss=0.0% (0s)
    [Greedy] seed=179 lat=0.1560 en=0.2850 miss=0.0% (0s)
    [Greedy] seed=316 lat=0.1642 en=0.2866 miss=0.0% (0s)
    [Greedy] seed=453 lat=0.1628 en=0.2761 miss=0.0% (0s)
    [Greedy] seed=590 lat=0.1648 en=0.2907 miss=0.0% (0s)
    [Greedy] seed=727 lat=0.1561 en=0.2809 miss=0.0% (0s)
    [Greedy] seed=864 lat=0.1673 en=0.2862 miss=0.0% (0s)
    [Greedy] seed=1001 lat=0.1581 en=0.2788 miss=0.0% (0s)
    [Greedy] seed=1138 lat=0.1672 en=0.2797 miss=0.0% (0s)
    [Greedy] seed=1275 lat=0.1642 en=0.2813 miss=0.0% (0s)

== Single-DQN ==
Starting Single-DQN training...
    [Single-DQN] seed=42 lat=0.1643 en=0.7087 miss=0.0% (1s)
Starting Single-DQN training...
    [Single-DQN] seed=179 lat=0.1997 en=1.3437 miss=0.0% (1s)
Starting Single-DQN training...
    [Single-DQN] seed=316 lat=0.2528 en=1.5981 miss=2.5% (1s)
Starting Single-DQN training...
    [Single-DQN] seed=453 lat=0.1255 en=0.8323 miss=0.0% (1s)
Starting Single-DQN training...
    [Single-DQN] seed=590 lat=0.1371 en=1.0092 miss=0.0% (1s)
Starting Single-DQN training...
    [Single-DQN] seed=727 lat=0.1535 en=1.0757 miss=0.0% (1s)
Starting Single-DQN training...
    [Single-DQN] seed=864 lat=0.1967 en=0.7810 miss=0.0% (1s)
Starting Single-DQN training...
    [Single-DQN] seed=1001 lat=0.2222 en=1.2679 miss=1.2% (1s)
Starting Single-DQN training...
    [Single-DQN] seed=1138 lat=0.1058 en=0.8277 miss=0.0% (1s)
Starting Single-DQN training...
    [Single-DQN] seed=1275 lat=0.1307 en=0.7856 miss=0.0% (1s)

== Classical-HRL ==
Starting Classical HRL training...
  Episode    0: reward=-562.34, lat=1.1141s
  Episode   20: reward=-405.26, lat=1.1180s
    [Classical-HRL] seed=42 lat=0.1579 en=0.3233 miss=0.0% (2s)
Starting Classical HRL training...
  Episode    0: reward=-296.86, lat=0.7411s
  Episode   20: reward=-361.47, lat=1.2327s
    [Classical-HRL] seed=179 lat=0.0917 en=0.7658 miss=0.0% (2s)
Starting Classical HRL training...
  Episode    0: reward=-471.59, lat=1.7539s
  Episode   20: reward=-410.78, lat=1.4053s
    [Classical-HRL] seed=316 lat=0.0819 en=0.7538 miss=0.0% (2s)
Starting Classical HRL training...
  Episode    0: reward=-623.31, lat=1.9349s
  Episode   20: reward=-680.72, lat=2.2064s
    [Classical-HRL] seed=453 lat=0.1782 en=0.2770 miss=0.0% (2s)
Starting Classical HRL training...
  Episode    0: reward=-737.96, lat=2.4633s
  Episode   20: reward=-725.56, lat=2.2553s
    [Classical-HRL] seed=590 lat=0.1419 en=0.4143 miss=0.0% (2s)
Starting Classical HRL training...
  Episode    0: reward=-573.33, lat=1.8076s
  Episode   20: reward=-254.00, lat=0.7738s
    [Classical-HRL] seed=727 lat=0.4429 en=2.2725 miss=4.6% (2s)
Starting Classical HRL training...
  Episode    0: reward=-674.03, lat=1.7382s
  Episode   20: reward=-142.21, lat=0.6122s
    [Classical-HRL] seed=864 lat=0.1759 en=1.1144 miss=0.0% (2s)
Starting Classical HRL training...
  Episode    0: reward=-622.45, lat=1.6805s
  Episode   20: reward=-411.72, lat=1.1986s
    [Classical-HRL] seed=1001 lat=0.0765 en=0.7056 miss=0.0% (2s)
Starting Classical HRL training...
  Episode    0: reward=-991.01, lat=2.8061s
  Episode   20: reward=-459.40, lat=1.4202s
    [Classical-HRL] seed=1138 lat=0.1353 en=0.8643 miss=0.0% (2s)
Starting Classical HRL training...
  Episode    0: reward=-468.24, lat=1.4596s
  Episode   20: reward=-239.05, lat=0.4810s
    [Classical-HRL] seed=1275 lat=0.0971 en=0.5997 miss=0.0% (2s)

== TinyClassical-PG ==
Starting TinyClassical-PG training...
    [TinyClassical-PG] seed=42 lat=0.5441 en=2.7225 miss=10.4% (0s)
Starting TinyClassical-PG training...
    [TinyClassical-PG] seed=179 lat=0.5635 en=2.8197 miss=9.6% (0s)
Starting TinyClassical-PG training...
    [TinyClassical-PG] seed=316 lat=0.0731 en=0.5718 miss=0.0% (0s)
Starting TinyClassical-PG training...
    [TinyClassical-PG] seed=453 lat=0.0714 en=0.5547 miss=0.0% (0s)
Starting TinyClassical-PG training...
    [TinyClassical-PG] seed=590 lat=0.1647 en=0.2917 miss=0.0% (0s)
Starting TinyClassical-PG training...
    [TinyClassical-PG] seed=727 lat=0.0790 en=0.8390 miss=0.0% (0s)
Starting TinyClassical-PG training...
    [TinyClassical-PG] seed=864 lat=0.5642 en=2.8217 miss=10.4% (0s)
Starting TinyClassical-PG training...
    [TinyClassical-PG] seed=1001 lat=0.0709 en=0.5672 miss=0.0% (0s)
Starting TinyClassical-PG training...
    [TinyClassical-PG] seed=1138 lat=0.1670 en=0.2834 miss=0.0% (0s)
Starting TinyClassical-PG training...
    [TinyClassical-PG] seed=1275 lat=0.5546 en=2.7753 miss=9.4% (0s)

== Quantum-HRL ==
Starting Quantum-HRL training...
    [Quantum-HRL] seed=42 lat=0.1451 en=0.5193 miss=0.0% (323s)
Starting Quantum-HRL training...
    [Quantum-HRL] seed=179 lat=0.0757 en=0.8008 miss=0.0% (249s)
Starting Quantum-HRL training...
    [Quantum-HRL] seed=316 lat=0.1612 en=0.9214 miss=0.0% (332s)
Starting Quantum-HRL training...
    [Quantum-HRL] seed=453 lat=0.1049 en=0.9017 miss=0.0% (262s)
Starting Quantum-HRL training...
    [Quantum-HRL] seed=590 lat=0.1058 en=1.0183 miss=0.0% (254s)
Starting Quantum-HRL training...
    [Quantum-HRL] seed=727 lat=2.2521 en=1.2746 miss=21.5% (250s)
Starting Quantum-HRL training...
    [Quantum-HRL] seed=864 lat=0.0721 en=0.9797 miss=0.0% (231s)
Starting Quantum-HRL training...
    [Quantum-HRL] seed=1001 lat=0.0749 en=0.9070 miss=0.0% (244s)
Starting Quantum-HRL training...
    [Quantum-HRL] seed=1138 lat=0.1512 en=0.6249 miss=0.0% (330s)
Starting Quantum-HRL training...
    [Quantum-HRL] seed=1275 lat=0.0942 en=0.9427 miss=0.0% (266s)

== Ablation ==
Starting Quantum-HRL training...
    [abl:Full Quantum-HRL] seed=42 lat=0.1451 en=0.5193 miss=0.0%
Starting Quantum-HRL training...
    [abl:Full Quantum-HRL] seed=179 lat=0.0757 en=0.8008 miss=0.0%
Starting Quantum-HRL training...
    [abl:Full Quantum-HRL] seed=316 lat=0.1612 en=0.9214 miss=0.0%
Starting Quantum-HRL training...
    [abl:Full Quantum-HRL] seed=453 lat=0.1049 en=0.9017 miss=0.0%
Starting Quantum-HRL training...
    [abl:Full Quantum-HRL] seed=590 lat=0.1058 en=1.0183 miss=0.0%
Starting Quantum-HRL training...
    [abl:w/o VQC (random tier/ratio)] seed=42 lat=1.9161 en=1.7680 miss=19.6%
Starting Quantum-HRL training...
    [abl:w/o VQC (random tier/ratio)] seed=179 lat=1.7714 en=1.8737 miss=21.9%
Starting Quantum-HRL training...
    [abl:w/o VQC (random tier/ratio)] seed=316 lat=1.9512 en=1.9158 miss=25.0%
Starting Quantum-HRL training...
    [abl:w/o VQC (random tier/ratio)] seed=453 lat=1.6992 en=1.7496 miss=21.9%
Starting Quantum-HRL training...
    [abl:w/o VQC (random tier/ratio)] seed=590 lat=1.7140 en=1.9100 miss=21.9%
Starting Quantum-HRL training...
    [abl:w/o QAOA (random node)] seed=42 lat=0.1512 en=0.6921 miss=0.0%
Starting Quantum-HRL training...
    [abl:w/o QAOA (random node)] seed=179 lat=0.0740 en=0.8094 miss=0.0%
Starting Quantum-HRL training...
    [abl:w/o QAOA (random node)] seed=316 lat=0.1609 en=0.6324 miss=0.0%
Starting Quantum-HRL training...
    [abl:w/o QAOA (random node)] seed=453 lat=0.3119 en=1.9114 miss=0.0%
Starting Quantum-HRL training...
    [abl:w/o QAOA (random node)] seed=590 lat=0.0756 en=0.8472 miss=0.0%
Starting Quantum-HRL training...
    [abl:w/o BO (fixed QAOA refine)] seed=42 lat=0.1450 en=0.5139 miss=0.0%
Starting Quantum-HRL training...
    [abl:w/o BO (fixed QAOA refine)] seed=179 lat=0.0898 en=0.9546 miss=0.0%
Starting Quantum-HRL training...
    [abl:w/o BO (fixed QAOA refine)] seed=316 lat=0.1166 en=0.6939 miss=0.0%
Starting Quantum-HRL training...
    [abl:w/o BO (fixed QAOA refine)] seed=453 lat=0.3658 en=2.0998 miss=0.2%
Starting Quantum-HRL training...
    [abl:w/o BO (fixed QAOA refine)] seed=590 lat=0.0781 en=0.8426 miss=0.0%

Saved C:\Users\ezycloudx-admin\repo\dao_hieu\simulation\paper_results_10seed_verify.json and C:\Users\ezycloudx-admin\repo\dao_hieu\simulation\results_manifest_10seed_verify.json  (total 6779s)
