2026-06-28 21:16:07.022724: I tensorflow/core/util/port.cc:153] oneDNN custom operations are on. You may see slightly different numerical results due to floating-point round-off errors from different computation orders. To turn them off, set the environment variable `TF_ENABLE_ONEDNN_OPTS=0`.
2026-06-28 21:16:07.049374: I tensorflow/core/platform/cpu_feature_guard.cc:210] This TensorFlow binary is optimized to use available CPU instructions in performance-critical operations.
To enable the following instructions: AVX2 AVX512F AVX512_VNNI FMA, in other operations, rebuild TensorFlow with the appropriate compiler flags.
2026-06-28 21:16:07.870594: I tensorflow/core/util/port.cc:153] oneDNN custom operations are on. You may see slightly different numerical results due to floating-point round-off errors from different computation orders. To turn them off, set the environment variable `TF_ENABLE_ONEDNN_OPTS=0`.
[LuST] speed pool: 138896 mẫu, mean=13.09 m/s, median=12.56 m/s

=== PHA 1: HUẤN LUYỆN (LS-DQN, gamma1=gamma2=0.5) trên LuST ===
  [train] episode  1/50 | eval_cost=6.1789 | reward=-6.1789 | loss=0.0
  [train] episode  2/50 | eval_cost=6.0243 | reward=-6.0243 | loss=0.0
  [train] episode  3/50 | eval_cost=5.4515 | reward=-5.4515 | loss=0.0
  [train] episode  4/50 | eval_cost=6.6065 | reward=-6.6065 | loss=0.0
  [train] episode  5/50 | eval_cost=5.7292 | reward=-5.7292 | loss=0.0
  [train] episode  6/50 | eval_cost=5.4463 | reward=-5.4463 | loss=0.0
  [train] episode  7/50 | eval_cost=6.0351 | reward=-6.0351 | loss=0.0
  [train] episode  8/50 | eval_cost=5.7338 | reward=-5.7338 | loss=0.0
  [train] episode  9/50 | eval_cost=5.2003 | reward=-5.2003 | loss=0.0
  [train] episode 10/50 | eval_cost=6.3634 | reward=-6.3634 | loss=0.0
  [train] episode 11/50 | eval_cost=5.8430 | reward=-5.8430 | loss=0.0
  [train] episode 12/50 | eval_cost=6.0152 | reward=-6.0152 | loss=0.0
  [train] episode 13/50 | eval_cost=5.7556 | reward=-5.7556 | loss=0.0
  [train] episode 14/50 | eval_cost=5.7490 | reward=-5.7490 | loss=0.0
  [train] episode 15/50 | eval_cost=5.7525 | reward=-5.7525 | loss=0.0
  [train] episode 16/50 | eval_cost=6.4451 | reward=-6.4451 | loss=0.0
  [train] episode 17/50 | eval_cost=5.1122 | reward=-5.1122 | loss=0.0
  [train] episode 18/50 | eval_cost=6.5328 | reward=-6.5328 | loss=0.0
  [train] episode 19/50 | eval_cost=6.0832 | reward=-6.0832 | loss=0.0
  [train] episode 20/50 | eval_cost=5.4683 | reward=-5.4683 | loss=0.0
  [train] episode 21/50 | eval_cost=5.8011 | reward=-5.8011 | loss=0.0
  [train] episode 22/50 | eval_cost=6.5656 | reward=-6.5656 | loss=0.0
  [train] episode 23/50 | eval_cost=6.2668 | reward=-6.2668 | loss=0.0
  [train] episode 24/50 | eval_cost=6.2088 | reward=-6.2088 | loss=0.0
  [train] episode 25/50 | eval_cost=5.5928 | reward=-5.5928 | loss=0.0
  [train] episode 26/50 | eval_cost=5.4796 | reward=-5.4796 | loss=0.0
  [train] episode 27/50 | eval_cost=5.6227 | reward=-5.6227 | loss=0.0
  [train] episode 28/50 | eval_cost=4.9166 | reward=-4.9166 | loss=0.0
  [train] episode 29/50 | eval_cost=6.1852 | reward=-6.1852 | loss=0.0
  [train] episode 30/50 | eval_cost=5.8076 | reward=-5.8076 | loss=0.0
  [train] episode 31/50 | eval_cost=5.2918 | reward=-5.2918 | loss=0.0
  [train] episode 32/50 | eval_cost=5.9762 | reward=-5.9762 | loss=0.0
  [train] episode 33/50 | eval_cost=6.3693 | reward=-6.3693 | loss=0.0
  [train] episode 34/50 | eval_cost=5.8481 | reward=-5.8481 | loss=0.0
  [train] episode 35/50 | eval_cost=5.6922 | reward=-5.6922 | loss=0.0
  [train] episode 36/50 | eval_cost=6.8385 | reward=-6.8385 | loss=0.0
  [train] episode 37/50 | eval_cost=6.9386 | reward=-6.9386 | loss=0.0
  [train] episode 38/50 | eval_cost=5.6112 | reward=-5.6112 | loss=0.0
  [train] episode 39/50 | eval_cost=6.3187 | reward=-6.3187 | loss=0.0
  [train] episode 40/50 | eval_cost=5.7552 | reward=-5.7552 | loss=0.0
  [train] episode 41/50 | eval_cost=5.1871 | reward=-5.1871 | loss=0.0
  [train] episode 42/50 | eval_cost=5.5941 | reward=-5.5941 | loss=0.0
  [train] episode 43/50 | eval_cost=6.4691 | reward=-6.4691 | loss=0.0
  [train] episode 44/50 | eval_cost=5.3155 | reward=-5.3155 | loss=0.0
  [train] episode 45/50 | eval_cost=6.4370 | reward=-6.4370 | loss=0.0
  [train] episode 46/50 | eval_cost=5.2146 | reward=-5.2146 | loss=0.0
  [train] episode 47/50 | eval_cost=7.1658 | reward=-7.1658 | loss=0.0
  [train] episode 48/50 | eval_cost=5.4849 | reward=-5.4849 | loss=0.0
  [train] episode 49/50 | eval_cost=6.6215 | reward=-6.6215 | loss=0.0
  [train] episode 50/50 | eval_cost=5.9800 | reward=-5.9800 | loss=0.0

=== PHA 2: ĐÁNH GIÁ HRL theo tải V (mobility LuST) ===
  [eval] V= 20 rep 1/3 | lat=4.7512s energy=3.0223J cost=3.8867
  [eval] V= 20 rep 2/3 | lat=4.8169s energy=2.5860J cost=3.7015
  [eval] V= 20 rep 3/3 | lat=4.8756s energy=2.3305J cost=3.6030
  [eval] V= 40 rep 1/3 | lat=5.5692s energy=3.1054J cost=4.3373
  [eval] V= 40 rep 2/3 | lat=5.0771s energy=2.4108J cost=3.7440
  [eval] V= 40 rep 3/3 | lat=5.3675s energy=2.6828J cost=4.0251
  [eval] V= 60 rep 1/3 | lat=6.9950s energy=3.8221J cost=5.4086
  [eval] V= 60 rep 2/3 | lat=6.1497s energy=3.2031J cost=4.6764
  [eval] V= 60 rep 3/3 | lat=6.1907s energy=3.3622J cost=4.7764
  [eval] V= 80 rep 1/3 | lat=6.1720s energy=3.2106J cost=4.6913
  [eval] V= 80 rep 2/3 | lat=6.7323s energy=3.6070J cost=5.1696
  [eval] V= 80 rep 3/3 | lat=6.1957s energy=3.1997J cost=4.6977
  [eval] V=100 rep 1/3 | lat=7.3702s energy=4.0690J cost=5.7196
  [eval] V=100 rep 2/3 | lat=7.1470s energy=3.9053J cost=5.5261
  [eval] V=100 rep 3/3 | lat=8.0327s energy=4.3950J cost=6.2139
  [eval] V=120 rep 1/3 | lat=8.4580s energy=4.6604J cost=6.5592
  [eval] V=120 rep 2/3 | lat=9.1507s energy=5.2009J cost=7.1758
  [eval] V=120 rep 3/3 | lat=10.3412s energy=6.0764J cost=8.2088
  [eval] V=140 rep 1/3 | lat=8.0478s energy=4.3262J cost=6.1870
  [eval] V=140 rep 2/3 | lat=8.7590s energy=4.8367J cost=6.7979
  [eval] V=140 rep 3/3 | lat=10.0088s energy=5.7279J cost=7.8684
  [eval] V=160 rep 1/3 | lat=11.1366s energy=6.3365J cost=8.7365
  [eval] V=160 rep 2/3 | lat=9.9197s energy=5.5243J cost=7.7220
  [eval] V=160 rep 3/3 | lat=9.0842s energy=4.9501J cost=7.0172
  [eval] V=180 rep 1/3 | lat=10.5474s energy=5.9448J cost=8.2461
  [eval] V=180 rep 2/3 | lat=11.2252s energy=6.4590J cost=8.8421
  [eval] V=180 rep 3/3 | lat=9.1080s energy=4.9442J cost=7.0261
  [eval] V=200 rep 1/3 | lat=11.2324s energy=6.3138J cost=8.7731
  [eval] V=200 rep 2/3 | lat=12.6787s energy=7.2968J cost=9.9878
  [eval] V=200 rep 3/3 | lat=12.0224s energy=6.9041J cost=9.4633

Hoàn tất run_baseline trong 4.9 phút.
Kết quả: results/training_curves.npz, results/eval_metrics.json/.csv
RUN_EXIT=0
