Warning: Environment variable SUMO_HOME is not set properly, disabling XML validation. Set 'auto' or 'always' for web lookups.
pj_obj_create: Cannot find proj.db
pj_obj_create: Cannot find proj.db
pj_obj_create: Cannot find proj.db
Warning: Unsafe green phase 2 in tlLogic '-30132', program '0'. Lane '--31508#2_0' is targeted by 2 'G'-links. (use 'g' instead)
Warning: Vehicle '17DEtoFR.51' performs emergency braking on lane '-31622#7-AddedOnRampEdge_2' with decel=9.00, wished=4.50, severity=1.00, time=62164.00.
Warning: Vehicle '17BEtoLU.63' performs emergency braking on lane '-30668#9-AddedOnRampEdge_2' with decel=9.00, wished=4.50, severity=1.00, time=62334.00.
Warning: Vehicle 'h64199c1:3' performs emergency braking on lane '-31622#10-AddedOnRampEdge_2' with decel=9.00, wished=4.50, severity=1.00, time=62482.00.
Warning: Vehicle '17BEtoLU.75' performs emergency braking on lane '-30668#9-AddedOnRampEdge_2' with decel=9.00, wished=4.50, severity=1.00, time=62575.00.
Warning: Vehicle '17BEtoLU.76' performs emergency braking on lane '-30668#9-AddedOnRampEdge_2' with decel=9.00, wished=4.50, severity=1.00, time=62580.00.
Warning: Vehicle 'c1h46767c1:3' performs emergency braking on lane ':-13922_1_0' with decel=9.00, wished=4.50, severity=1.00, time=62873.00.
Warning: Vehicle 'c1h46725c1:3' performs emergency braking on lane ':-13922_1_0' with decel=9.00, wished=4.50, severity=1.00, time=62905.00.
Warning: Vehicle 'c1h58724c1:3' performs emergency braking on lane '-32454#1-AddedOnRampEdge_2' with decel=9.00, wished=4.50, severity=1.00, time=62910.00.
Warning: Vehicle 'c1h50922c1:3' performs emergency braking on lane ':-13922_1_0' with decel=9.00, wished=4.50, severity=1.00, time=62970.00.
Warning: Teleporting vehicle 'c1h48300c1:3'; waited too long (jam), lane='--30892#22_1', time=63084.00.
Warning: Vehicle 'c1h48300c1:3' ends teleporting on edge '--30892#21', time=63084.00.
Warning: Teleporting vehicle 'h35667c2:3'; waited too long (jam), lane='--30528#9_2', time=63154.00.
Warning: Vehicle 'h35667c2:3' ends teleporting on edge '--30528#7', time=63265.00.
Warning: Vehicle '17BEtoLU.118' performs emergency braking on lane '-30668#9-AddedOnRampEdge_2' with decel=9.00, wished=4.50, severity=1.00, time=63284.00.
Warning: Vehicle 'h46754c1:3' performs emergency braking on lane ':-13922_1_0' with decel=9.00, wished=4.50, severity=1.00, time=63369.00.
Warning: Vehicle 'nrh01c1h46754c1:3' performs emergency braking on lane ':-13922_1_0' with decel=9.00, wished=4.50, severity=1.00, time=63401.00.
Warning: Teleporting vehicle 'c1h53834c1:3'; waited too long (yield), lane='-30518_0', time=63413.00.
Warning: Vehicle 'nrh01c1h7192c1:3' performs emergency braking on lane '-32454#1-AddedOnRampEdge_2' with decel=9.00, wished=4.50, severity=1.00, time=63418.00.
Warning: Teleporting vehicle 'c1h33587c1:3'; waited too long (yield), lane='-32820#1_0', time=63490.00.
Warning: Vehicle 'c1h53834c1:3' ends teleporting on edge '--30528#7', time=63502.00.
Warning: Teleporting vehicle 'randUni9357:1'; waited too long (yield), lane='--31904#1_0', time=63511.00.
Warning: Vehicle 'c1h40818c2:3' performs emergency braking on lane '-31366#0-AddedOnRampEdge_2' with decel=9.00, wished=4.50, severity=1.00, time=63515.00.
Warning: Teleporting vehicle 'h16944c1:3'; waited too long (yield), lane='-32820#0_0', time=63515.00.
Warning: Teleporting vehicle 'c1h49479c1:3'; waited too long (yield), lane='-32130#1_0', time=63516.00.
Warning: Vehicle 'c1h49479c1:3' ends teleporting on edge '--30892#22', time=63516.00.
Warning: Vehicle 'h42892c1:3' performs emergency braking on lane ':-13922_1_0' with decel=9.00, wished=4.50, severity=1.00, time=63517.00.
Warning: Vehicle 'h40818c2:3' performs emergency braking on lane '-31366#1-AddedOnRampEdge_2' with decel=9.00, wished=4.50, severity=1.00, time=63530.00.
Warning: Vehicle 'c1h25910c1:3' performs emergency braking on lane '-32454#1-AddedOnRampEdge_2' with decel=9.00, wished=4.50, severity=1.00, time=63557.00.
Warning: Vehicle 'c1h33587c1:3' ends teleporting on edge '--30528#23', time=63585.00.
Warning: Vehicle 'nrh01h40825c1:3' performs emergency braking on lane '-31366#0-AddedOnRampEdge_2' with decel=9.00, wished=4.50, severity=1.00, time=63611.00.
Warning: Teleporting vehicle 'nrh01c1h59500c1:3'; waited too long (jam), lane='--30892#23_1', time=63634.00.
Warning: Vehicle 'nrh01c1h59500c1:3' ends teleporting on edge '--30892#22', time=63634.00.
Warning: Vehicle 'randUni9357:1' ends teleporting on edge '--30528#24', time=63664.00.
Warning: Vehicle 'h16944c1:3' ends teleporting on edge '-30528#25', time=63665.00.
Warning: Vehicle 'h49073c1:3' performs emergency braking on lane ':-5704_1_2' with decel=9.00, wished=4.50, severity=1.00, time=63671.00.
Warning: Vehicle 'nrh01c1h50801c1:3' performs emergency braking on lane ':-27548_4_2' with decel=9.00, wished=4.50, severity=1.00, time=63685.00.
Warning: Vehicle 'nrh01c1h59500c1:3' performs emergency braking on lane ':-28508_5_2' with decel=9.00, wished=4.50, severity=1.00, time=63766.00.
Warning: Vehicle '17DEtoFR.152' performs emergency braking on lane '-31622#7-AddedOnRampEdge_2' with decel=9.00, wished=4.50, severity=1.00, time=63775.00.
Warning: Teleporting vehicle 'c1h36001c1:3'; waited too long (wrong lane), lane='--30528#7_1', time=63840.00.
Warning: Vehicle 'c1h36001c1:3' ends teleporting on edge '-32924#5', time=63840.00.
Warning: Vehicle 'randUni13196:1' performs emergency braking on lane '-31366#0-AddedOnRampEdge_2' with decel=9.00, wished=4.50, severity=1.00, time=63871.00.
Warning: Vehicle 'c1randUni13196:1' performs emergency braking on lane '-31366#1-AddedOnRampEdge_2' with decel=9.00, wished=4.50, severity=1.00, time=63896.00.
Warning: Teleporting vehicle 'c1h32701c1:3'; waited too long (yield), lane='--30528#8_2', time=63937.00.
Warning: Teleporting vehicle 'c1h36840c1:3'; waited too long (jam), lane='-31492#0_0', time=63950.00.
Warning: Teleporting vehicle 'c1h70446c1:3'; waited too long (jam), lane='--30528#9_1', time=63951.00.
Warning: Vehicle 'c1h70446c1:3' ends teleporting on edge '--30528#8', time=63951.00.
Warning: Teleporting vehicle 'c1h65067c1:3'; waited too long (jam), lane='-31380#0_0', time=63954.00.
Warning: Vehicle 'c1h65067c1:3' ends teleporting on edge '-31380#1', time=63954.00.
Warning: Teleporting vehicle 'h30763c2:3'; waited too long (jam), lane='--30528#10_2', time=63965.00.
Warning: Vehicle 'h30763c2:3' ends teleporting on edge '--30528#9', time=63965.00.
Warning: Teleporting vehicle 'c1h11746c2:3'; waited too long (wrong lane), lane='--32924#5_1', time=63969.00.
Warning: Vehicle 'c1h11746c2:3' ends teleporting on edge '--30528#6', time=63970.00.
Warning: Teleporting vehicle 'h56950c2:3'; waited too long (jam), lane='-31030_0', time=63973.00.
Warning: Vehicle 'h56950c2:3' ends teleporting on edge '-31380#0', time=63973.00.
Warning: Teleporting vehicle 'h7596c1:3'; waited too long (jam), lane='--32924#6_2', time=63978.00.
Warning: Teleporting vehicle 'c1h48735c1:3'; waited too long (jam), lane='-31232_0', time=63980.00.
Warning: Vehicle 'c1h48735c1:3' ends teleporting on edge '-31030', time=63980.00.
Warning: Teleporting vehicle 'c1h40656c2:3'; waited too long (yield), lane='--30528#7_2', time=63982.00.
Warning: Vehicle 'c1h40656c2:3' ends teleporting on edge '--30528#6', time=63982.00.
Warning: Teleporting vehicle 'nrh01h30551c1:3'; waited too long (jam), lane='-30568_0', time=64021.00.
Warning: Vehicle 'nrh01h30551c1:3' ends teleporting on edge '-31232', time=64021.00.
Warning: Teleporting vehicle 'h62101c1:3'; waited too long (yield), lane='-30648#15_0', time=64023.00.
Warning: Vehicle 'h7596c1:3' ends teleporting on edge '--32924#5', time=64023.00.
Warning: Vehicle 'h62101c1:3' ends teleporting on edge '-31492#0', time=64023.00.
Warning: Teleporting vehicle 'h22388c1:3'; waited too long (jam), lane='--32924#7_2', time=64027.00.
Warning: Vehicle 'h22388c1:3' ends teleporting on edge '--32924#6', time=64027.00.
Warning: Teleporting vehicle 'h9924c1:5'; waited too long (yield), lane='-30648#13_0', time=64035.00.
Warning: Vehicle 'h9924c1:5' ends teleporting on edge '-30648#14', time=64035.00.
Warning: Teleporting vehicle 'h16345c1:3'; waited too long (jam), lane='-31380#1_0', time=64038.00.
Warning: Vehicle 'h16345c1:3' ends teleporting on edge '-31380#2', time=64038.00.
Warning: Teleporting vehicle 'h4802c1:3'; waited too long (yield), lane='-30648#12_0', time=64047.00.
Warning: Vehicle 'h4802c1:3' ends teleporting on edge '-30648#13', time=64047.00.
Warning: Vehicle 'c1h36840c1:3' ends teleporting on edge '-31492#1', time=64098.00.
Warning: Vehicle '17BEtoLU.174' performs emergency braking on lane '-30668#9-AddedOnRampEdge_2' with decel=9.00, wished=4.50, severity=1.00, time=64101.00.
Warning: Teleporting vehicle 'c1randUni14655:1'; waited too long (yield), lane='-30648#14_0', time=64102.00.
Warning: Vehicle 'c1randUni14655:1' ends teleporting on edge '-30648#15', time=64102.00.
Warning: Teleporting vehicle 'nrh01c1h22433c1:3'; waited too long (jam), lane='-30648#11_0', time=64123.00.
Warning: Vehicle 'nrh01c1h22433c1:3' ends teleporting on edge '-30648#12', time=64123.00.
Warning: Teleporting vehicle 'h70530c1:3'; collision with vehicle 'h34979c1:3', lane='--30528#6_2', gap=-5.17, time=64137.00, stage=move.
Warning: Vehicle 'h70530c1:3' ends teleporting on edge '--30528#5', time=64137.00.
Warning: Teleporting vehicle 'c1h45178c1:3'; waited too long (yield), lane='--31952#0_0', time=64149.00.
Warning: Vehicle 'c1h32701c1:3' ends teleporting on edge '--30528#7', time=64149.00.
Warning: Vehicle 'c1h45178c1:3' ends teleporting on edge '-30648#14', time=64149.00.
Warning: Teleporting vehicle 'c1h44105c1:3'; waited too long (jam), lane='--32924#6_2', time=64156.00.
Warning: Teleporting vehicle 'h28590c1:3'; waited too long (yield), lane='--30892#24_1', time=64212.00.
Warning: Vehicle 'h28590c1:3' ends teleporting on edge '--30892#23', time=64212.00.
Warning: Teleporting vehicle 'c1h16330c1:3'; waited too long (yield), lane='-30890#5_0', time=64241.00.
Warning: Vehicle 'c1h16330c1:3' ends teleporting on edge '-30648#12', time=64241.00.
Warning: Vehicle 'c1h44105c1:3' ends teleporting on edge '--30528#6', time=64244.00.
Warning: Teleporting vehicle 'AVL---_J1_48'; waited too long (yield), lane='-32418_0', time=64253.00.
Warning: Vehicle 'AVL---_J1_48' skips stop on lane '--30528#9_0' time=64329.00.
Warning: Vehicle 'AVL---_J1_48' ends teleporting on edge '--30528#8', time=64348.00.
Warning: Teleporting vehicle 'c1h29712c1:3'; waited too long (yield), lane='-32674#6_1', time=64354.00.
Warning: Vehicle 'c1h29712c1:3' ends teleporting on edge '-32674#7', time=64354.00.
Warning: Teleporting vehicle 'c1h64990c2:3'; waited too long (jam), lane='-30988#3_0', time=64378.00.
Warning: Vehicle 'c1h64990c2:3' ends teleporting on edge '-31492#0', time=64378.00.
Warning: Vehicle 'randUni7078:1' performs emergency braking on lane '-31366#1-AddedOnRampEdge_2' with decel=9.00, wished=4.50, severity=1.00, time=64405.00.
Warning: Teleporting vehicle 'c1h56173c1:3'; waited too long (jam), lane='-32674#8_1', time=64410.00.
Warning: Vehicle 'c1h56173c1:3' ends teleporting on edge '-32674#9', time=64410.00.
Warning: Teleporting vehicle 'h7930c2:3'; waited too long (yield), lane='-30648#10_0', time=64438.00.
Warning: Vehicle 'h7930c2:3' ends teleporting on edge '-30648#11', time=64438.00.
Warning: Teleporting vehicle 'nrh01h53031c2:3'; waited too long (jam), lane='-32674#7_1', time=64484.00.
Warning: Teleporting vehicle 'h65167c2:3'; waited too long (yield), lane='--31342#0_0', time=64486.00.
Warning: Vehicle 'nrh01h53031c2:3' ends teleporting on edge '-32674#8', time=64505.00.
Warning: Teleporting vehicle 'h36621c1:3'; waited too long (jam), lane='-31966#11_1', time=64523.00.
Warning: Vehicle 'h36621c1:3' ends teleporting on edge '-31966#12', time=64523.00.
Warning: Vehicle 'h65167c2:3' ends teleporting on edge '-31496#11', time=64524.00.
Warning: Teleporting vehicle 'h46873c1:3'; waited too long (yield), lane='-32820#0_0', time=64530.00.
Warning: Teleporting vehicle 'c1h8205c1:3'; waited too long (jam), lane='-31966#10_1', time=64535.00.
Warning: Vehicle 'c1h8205c1:3' ends teleporting on edge '-31966#11', time=64535.00.
Warning: Teleporting vehicle 'h46509c1:3'; waited too long (wrong lane), lane='-30694#1_1', time=64538.00.
Warning: Teleporting vehicle 'h62050c2:3'; waited too long (jam), lane='-30694#1_0', time=64538.00.
Warning: Teleporting vehicle 'h67059c1:3'; waited too long (yield), lane='--30528#8_2', time=64538.00.
Warning: Vehicle 'h67059c1:3' ends teleporting on edge '--30528#7', time=64538.00.
Warning: Vehicle 'c1randUni7078:1' performs emergency braking on lane '-31366#0-AddedOnRampEdge_2' with decel=9.00, wished=4.50, severity=1.00, time=64544.00.
Warning: Teleporting vehicle 'nrh01c1h64549c1:3'; waited too long (jam), lane='-31492#0_0', time=64559.00.
Warning: Teleporting vehicle 'c1h10556c1:3'; waited too long (yield), lane='--30334#0_0', time=64570.00.
Warning: Vehicle 'nrh01c1h64549c1:3' ends teleporting on edge '-31492#1', time=64570.00.
Warning: Vehicle 'c1h10556c1:3' ends teleporting on edge '-30648#11', time=64570.00.
Warning: Teleporting vehicle 'h20435c1:3'; waited too long (jam), lane='-31030_0', time=64578.00.
Warning: Vehicle 'h20435c1:3' ends teleporting on edge '-31380#0', time=64578.00.
Warning: Teleporting vehicle 'c1h20435c1:3'; waited too long (jam), lane='-31232_0', time=64586.00.
Warning: Vehicle 'c1h20435c1:3' ends teleporting on edge '-31030', time=64586.00.
Warning: Teleporting vehicle 'c1h32124c1:3'; waited too long (yield), lane='-32228_0', time=64591.00.
Warning: Teleporting vehicle 'c1h64813c1:3'; waited too long (jam), lane='-31966#12_1', time=64606.00.
Warning: Vehicle 'c1h64813c1:3' ends teleporting on edge '-31966#13', time=64606.00.
Warning: Teleporting vehicle 'nrh01c1h13254c1:3'; waited too long (jam), lane='-30648#9_0', time=64613.00.
Warning: Vehicle 'nrh01c1h13254c1:3' ends teleporting on edge '-30648#10', time=64613.00.
Warning: Teleporting vehicle 'c1h60847c1:3'; waited too long (jam), lane='--31952#4_0', time=64615.00.
Warning: Vehicle 'c1h60847c1:3' ends teleporting on edge '--31952#3', time=64615.00.
Warning: Teleporting vehicle 'c1h42889c1:3'; waited too long (wrong lane), lane='-30648#15_1', time=64627.00.
Warning: Vehicle 'c1h42889c1:3' ends teleporting on edge '--30988#3', time=64627.00.
Warning: Teleporting vehicle 'h1940c1:3'; waited too long (yield), lane='-30648#15_0', time=64628.00.
Warning: Vehicle 'h1940c1:3' ends teleporting on edge '-31492#0', time=64628.00.
Warning: Teleporting vehicle 'c1h22388c1:3'; waited too long (yield), lane='--32924#7_2', time=64631.00.
Warning: Vehicle 'c1h22388c1:3' ends teleporting on edge '--32924#6', time=64631.00.
Warning: Teleporting vehicle 'c1randUni14350:1'; waited too long (jam), lane='-30568_0', time=64635.00.
Warning: Vehicle 'c1randUni14350:1' ends teleporting on edge '-31232', time=64635.00.
Warning: Teleporting vehicle 'c1h27953c1:3'; waited too long (jam), lane='--32924#8_2', time=64637.00.
Warning: Vehicle 'c1h27953c1:3' ends teleporting on edge '--32924#7', time=64637.00.
Warning: Vehicle 'c1h32124c1:3' ends teleporting on edge '--30528#10', time=64637.00.
Warning: Teleporting vehicle 'c1h12985c1:3'; waited too long (yield), lane='--32410#3_0', time=64639.00.
Warning: Teleporting vehicle 'h62160c1:3'; waited too long (yield), lane='-30648#13_0', time=64639.00.
Warning: Vehicle 'h62160c1:3' ends teleporting on edge '-30648#14', time=64639.00.
Warning: Vehicle 'c1h12985c1:3' ends teleporting on edge '-30568', time=64639.00.
Warning: Teleporting vehicle 'h47832c1:3'; waited too long (wrong lane), lane='-30648#13_1', time=64640.00.
Warning: Vehicle 'h47832c1:3' ends teleporting on edge '-31952#0', time=64640.00.
Warning: Teleporting vehicle 'h6381c1:3'; waited too long (jam), lane='--30528#10_2', time=64644.00.
Warning: Teleporting vehicle 'h2789c1:3'; waited too long (jam), lane='-30648#12_0', time=64645.00.
Warning: Vehicle 'h2789c1:3' ends teleporting on edge '-30648#13', time=64649.00.
Warning: Vehicle '17DEtoFR.198' performs emergency braking on lane '-31622#7-AddedOnRampEdge_2' with decel=9.00, wished=4.50, severity=1.00, time=64660.00.
Warning: Vehicle 'h46509c1:3' ends teleporting on edge '-30528#25', time=64673.00.
Warning: Teleporting vehicle 'c1randUni12786:1'; waited too long (jam), lane=':-12064_0_0', time=64675.00.
Warning: Vehicle 'c1randUni12786:1' ends teleporting on edge '-30648#13', time=64675.00.
Warning: Vehicle 'h46873c1:3' ends teleporting on edge '-30528#25', time=64681.00.
Warning: Teleporting vehicle 'c1h7517c1:3'; waited too long (jam), lane='-31380#0_0', time=64702.00.
Warning: Vehicle 'c1h7517c1:3' ends teleporting on edge '-31380#1', time=64702.00.
Warning: Teleporting vehicle 'c1h40977c1:3'; waited too long (yield), lane='-30648#14_0', time=64707.00.
Warning: Vehicle 'c1h40977c1:3' ends teleporting on edge '-30648#15', time=64707.00.
Warning: Teleporting vehicle 'c1h32126c1:3'; waited too long (jam), lane='-32674#4_1', time=64712.00.
Warning: Vehicle 'c1h32126c1:3' ends teleporting on edge '-32674#5', time=64712.00.
Warning: Vehicle 'c1randUni30:1' performs emergency braking on lane '-31366#1-AddedOnRampEdge_2' with decel=9.00, wished=4.50, severity=1.00, time=64717.00.
Warning: Vehicle 'randUni30:1' performs emergency braking on lane '-31366#1-AddedOnRampEdge_2' with decel=9.00, wished=4.50, severity=1.00, time=64723.00.
Warning: Teleporting vehicle 'AVL---_10_49'; waited too long (jam), lane='-30648#11_0', time=64729.00.
Warning: Vehicle 'AVL---_10_49' ends teleporting on edge '-30648#12', time=64731.00.
Warning: Teleporting vehicle 'nrh01c1h42198c2:3'; waited too long (jam), lane=':-18616_9_0', time=64733.00.
Warning: Vehicle 'nrh01c1h42198c2:3' ends teleporting on edge '-30648#14', time=64733.00.
Warning: Teleporting vehicle 'c1h74565c1:3'; waited too long (yield), lane='--31952#0_0', time=64753.00.
Warning: Vehicle 'c1h74565c1:3' ends teleporting on edge '-30648#14', time=64753.00.
Warning: Teleporting vehicle 'nrh01c1h37006c1:3'; waited too long (jam), lane='--31952#2_0', time=64768.00.
Warning: Vehicle 'nrh01c1h37006c1:3' ends teleporting on edge '--31952#1', time=64768.00.
Warning: Vehicle 'h6381c1:3' ends teleporting on edge '--30528#7', time=64797.00.
